../Core/Src/main.c:68:5:__io_putchar	16	static
../Core/Src/main.c:74:13:compute_response	24	static
../Core/Src/main.c:88:5:main	24	static
../Core/Src/main.c:148:6:SystemClock_Config	72	static
../Core/Src/main.c:187:13:MX_SPI2_Init	8	static
../Core/Src/main.c:224:13:MX_USART2_UART_Init	8	static
../Core/Src/main.c:255:13:MX_DMA_Init	16	static
../Core/Src/main.c:276:13:MX_GPIO_Init	40	static
../Core/Src/main.c:315:6:HAL_SPI_TxRxCpltCallback	16	static
../Core/Src/main.c:330:6:HAL_SPI_TxRxHalfCpltCallback	16	static
../Core/Src/main.c:335:6:HAL_SPI_ErrorCallback	16	static
../Core/Src/main.c:347:6:Error_Handler	4	static,ignoring_inline_asm
